// Jest Snapshot v1, https://goo.gl/fbAQLP

exports[`renders alert correctly 1`] = `<div />`;
